2023-08-28 15:17:27.512 INFO  main com.xdf.pscommon.log4j2.interfaces.SealInfoLogger TID:  - {methodName=sealInfo, className=com.xdf.pscommon.log4j2.core.SimpleLogger, time=2023-08-28 15:17:27, appendLog=数据源：normal, type=seal_info}
2023-08-28 15:17:27.514 INFO  main com.xdf.pscommon.log4j2.interfaces.SealInfoLogger TID:  - {methodName=sealInfo, className=com.xdf.pscommon.log4j2.core.SimpleLogger, time=2023-08-28 15:17:27, appendLog=无从库数据走主库：masterDataSource, type=seal_info}
2023-08-28 15:17:27.525 INFO  main com.xdf.pscommon.log4j2.interfaces.SealInfoLogger TID:  - {methodName=sealInfo, className=com.xdf.pscommon.log4j2.core.SimpleLogger, time=2023-08-28 15:17:27, appendLog=数据源：normal, type=seal_info}
2023-08-28 15:17:27.525 INFO  main com.xdf.pscommon.log4j2.interfaces.SealInfoLogger TID:  - {methodName=sealInfo, className=com.xdf.pscommon.log4j2.core.SimpleLogger, time=2023-08-28 15:17:27, appendLog=无从库数据走主库：masterDataSource, type=seal_info}
2023-08-28 15:17:30.514 INFO  main com.xdf.pscommon.log4j2.interfaces.SealInfoLogger TID:  - {methodName=sealInfo, className=com.xdf.pscommon.log4j2.core.SimpleLogger, time=2023-08-28 15:17:30, appendLog=获取缓存 false key = [{"id":"","nameKeyword":"zhang"}] value=null, type=seal_info}
2023-08-28 15:17:32.574 INFO  main com.xdf.pscommon.log4j2.interfaces.SealInfoLogger TID:  - {methodName=sealInfo, className=com.xdf.pscommon.log4j2.core.SimpleLogger, time=2023-08-28 15:17:32, appendLog=数据源：normal, type=seal_info}
2023-08-28 15:17:32.575 INFO  main com.xdf.pscommon.log4j2.interfaces.SealInfoLogger TID:  - {methodName=sealInfo, className=com.xdf.pscommon.log4j2.core.SimpleLogger, time=2023-08-28 15:17:32, appendLog=无从库数据走主库：masterDataSource, type=seal_info}
2023-08-28 15:20:09.751 INFO  main com.xdf.pscommon.log4j2.interfaces.SealInfoLogger TID:  - {methodName=sealInfo, className=com.xdf.pscommon.log4j2.core.SimpleLogger, time=2023-08-28 15:20:09, appendLog=数据源：normal, type=seal_info}
2023-08-28 15:20:09.752 INFO  main com.xdf.pscommon.log4j2.interfaces.SealInfoLogger TID:  - {methodName=sealInfo, className=com.xdf.pscommon.log4j2.core.SimpleLogger, time=2023-08-28 15:20:09, appendLog=无从库数据走主库：masterDataSource, type=seal_info}
2023-08-28 15:20:09.763 INFO  main com.xdf.pscommon.log4j2.interfaces.SealInfoLogger TID:  - {methodName=sealInfo, className=com.xdf.pscommon.log4j2.core.SimpleLogger, time=2023-08-28 15:20:09, appendLog=数据源：normal, type=seal_info}
2023-08-28 15:20:09.764 INFO  main com.xdf.pscommon.log4j2.interfaces.SealInfoLogger TID:  - {methodName=sealInfo, className=com.xdf.pscommon.log4j2.core.SimpleLogger, time=2023-08-28 15:20:09, appendLog=无从库数据走主库：masterDataSource, type=seal_info}
2023-08-28 15:20:11.856 INFO  main com.xdf.pscommon.log4j2.interfaces.SealInfoLogger TID:  - {methodName=sealInfo, className=com.xdf.pscommon.log4j2.core.SimpleLogger, time=2023-08-28 15:20:11, appendLog=获取缓存 false key = [{"id":"","nameKeyword":"zhang"}] value=null, type=seal_info}
2023-08-28 15:20:13.921 INFO  main com.xdf.pscommon.log4j2.interfaces.SealInfoLogger TID:  - {methodName=sealInfo, className=com.xdf.pscommon.log4j2.core.SimpleLogger, time=2023-08-28 15:20:13, appendLog=数据源：normal, type=seal_info}
2023-08-28 15:20:13.922 INFO  main com.xdf.pscommon.log4j2.interfaces.SealInfoLogger TID:  - {methodName=sealInfo, className=com.xdf.pscommon.log4j2.core.SimpleLogger, time=2023-08-28 15:20:13, appendLog=无从库数据走主库：masterDataSource, type=seal_info}
2023-08-28 15:21:52.441 INFO  main com.xdf.pscommon.log4j2.interfaces.SealInfoLogger TID:  - {methodName=sealInfo, className=com.xdf.pscommon.log4j2.core.SimpleLogger, time=2023-08-28 15:21:52, appendLog=数据源：normal, type=seal_info}
2023-08-28 15:21:52.442 INFO  main com.xdf.pscommon.log4j2.interfaces.SealInfoLogger TID:  - {methodName=sealInfo, className=com.xdf.pscommon.log4j2.core.SimpleLogger, time=2023-08-28 15:21:52, appendLog=无从库数据走主库：masterDataSource, type=seal_info}
2023-08-28 15:21:52.450 INFO  main com.xdf.pscommon.log4j2.interfaces.SealInfoLogger TID:  - {methodName=sealInfo, className=com.xdf.pscommon.log4j2.core.SimpleLogger, time=2023-08-28 15:21:52, appendLog=数据源：normal, type=seal_info}
2023-08-28 15:21:52.451 INFO  main com.xdf.pscommon.log4j2.interfaces.SealInfoLogger TID:  - {methodName=sealInfo, className=com.xdf.pscommon.log4j2.core.SimpleLogger, time=2023-08-28 15:21:52, appendLog=无从库数据走主库：masterDataSource, type=seal_info}
2023-08-28 15:21:55.152 INFO  main com.xdf.pscommon.log4j2.interfaces.SealInfoLogger TID:  - {methodName=sealInfo, className=com.xdf.pscommon.log4j2.core.SimpleLogger, time=2023-08-28 15:21:55, appendLog=获取缓存 false key = [{"id":"","nameKeyword":"zhang"}] value=null, type=seal_info}
2023-08-28 15:21:57.202 INFO  main com.xdf.pscommon.log4j2.interfaces.SealInfoLogger TID:  - {methodName=sealInfo, className=com.xdf.pscommon.log4j2.core.SimpleLogger, time=2023-08-28 15:21:57, appendLog=数据源：normal, type=seal_info}
2023-08-28 15:21:57.202 INFO  main com.xdf.pscommon.log4j2.interfaces.SealInfoLogger TID:  - {methodName=sealInfo, className=com.xdf.pscommon.log4j2.core.SimpleLogger, time=2023-08-28 15:21:57, appendLog=无从库数据走主库：masterDataSource, type=seal_info}
2023-08-28 15:23:31.972 INFO  main com.xdf.pscommon.log4j2.interfaces.SealInfoLogger TID:  - {methodName=sealInfo, className=com.xdf.pscommon.log4j2.core.SimpleLogger, time=2023-08-28 15:23:31, appendLog=数据源：normal, type=seal_info}
2023-08-28 15:23:31.974 INFO  main com.xdf.pscommon.log4j2.interfaces.SealInfoLogger TID:  - {methodName=sealInfo, className=com.xdf.pscommon.log4j2.core.SimpleLogger, time=2023-08-28 15:23:31, appendLog=无从库数据走主库：masterDataSource, type=seal_info}
2023-08-28 15:23:31.984 INFO  main com.xdf.pscommon.log4j2.interfaces.SealInfoLogger TID:  - {methodName=sealInfo, className=com.xdf.pscommon.log4j2.core.SimpleLogger, time=2023-08-28 15:23:31, appendLog=数据源：normal, type=seal_info}
2023-08-28 15:23:31.984 INFO  main com.xdf.pscommon.log4j2.interfaces.SealInfoLogger TID:  - {methodName=sealInfo, className=com.xdf.pscommon.log4j2.core.SimpleLogger, time=2023-08-28 15:23:31, appendLog=无从库数据走主库：masterDataSource, type=seal_info}
2023-08-28 15:23:34.221 INFO  main com.xdf.pscommon.log4j2.interfaces.SealInfoLogger TID:  - {methodName=sealInfo, className=com.xdf.pscommon.log4j2.core.SimpleLogger, time=2023-08-28 15:23:34, appendLog=获取缓存 false key = [{"id":"","nameKeyword":"zhang"}] value=null, type=seal_info}
2023-08-28 15:23:36.271 INFO  main com.xdf.pscommon.log4j2.interfaces.SealInfoLogger TID:  - {methodName=sealInfo, className=com.xdf.pscommon.log4j2.core.SimpleLogger, time=2023-08-28 15:23:36, appendLog=数据源：normal, type=seal_info}
2023-08-28 15:23:36.272 INFO  main com.xdf.pscommon.log4j2.interfaces.SealInfoLogger TID:  - {methodName=sealInfo, className=com.xdf.pscommon.log4j2.core.SimpleLogger, time=2023-08-28 15:23:36, appendLog=无从库数据走主库：masterDataSource, type=seal_info}
2023-08-28 15:23:36.579 INFO  main com.xdf.pscommon.log4j2.interfaces.SealInfoLogger TID:  - {methodName=sealInfo, className=com.xdf.pscommon.log4j2.core.SimpleLogger, time=2023-08-28 15:23:36, appendLog=添加缓存 true key = [{"id":"","nameKeyword":"zhang"}] value={"status":1,"errorStatus":null,"message":"OK","desc":null,"data":[{"id":"1","name":"zhangsan","age":30},{"id":"3","name":"zhangfei","age":50}]}, type=seal_info}
2023-08-28 15:23:36.592 INFO  main com.xdf.pscommon.log4j2.interfaces.SealInfoLogger TID:  - {methodName=sealInfo, className=com.xdf.pscommon.log4j2.core.SimpleLogger, time=2023-08-28 15:23:36, appendLog=获取缓存 true key = [{"id":"","nameKeyword":"zhang"}] value={"status":1,"errorStatus":null,"message":"OK","desc":null,"data":[{"id":"1","name":"zhangsan","age":30},{"id":"3","name":"zhangfei","age":50}]}, type=seal_info}
2023-08-28 15:23:36.608 INFO  main com.xdf.pscommon.log4j2.interfaces.SealInfoLogger TID:  - {methodName=sealInfo, className=com.xdf.pscommon.log4j2.core.SimpleLogger, time=2023-08-28 15:23:36, appendLog=数据源：normal, type=seal_info}
2023-08-28 15:23:36.608 INFO  main com.xdf.pscommon.log4j2.interfaces.SealInfoLogger TID:  - {methodName=sealInfo, className=com.xdf.pscommon.log4j2.core.SimpleLogger, time=2023-08-28 15:23:36, appendLog=无从库数据走主库：masterDataSource, type=seal_info}
2023-08-28 15:23:36.635 INFO  main com.xdf.pscommon.log4j2.interfaces.SealInfoLogger TID:  - {methodName=sealInfo, className=com.xdf.pscommon.log4j2.core.SimpleLogger, time=2023-08-28 15:23:36, appendLog=数据源：normal, type=seal_info}
2023-08-28 15:23:36.636 INFO  main com.xdf.pscommon.log4j2.interfaces.SealInfoLogger TID:  - {methodName=sealInfo, className=com.xdf.pscommon.log4j2.core.SimpleLogger, time=2023-08-28 15:23:36, appendLog=无从库数据走主库：masterDataSource, type=seal_info}
2023-08-28 15:23:36.671 INFO  main com.xdf.pscommon.log4j2.interfaces.SealInfoLogger TID:  - {methodName=sealInfo, className=com.xdf.pscommon.log4j2.core.SimpleLogger, time=2023-08-28 15:23:36, appendLog=数据源：normal, type=seal_info}
2023-08-28 15:23:36.671 INFO  main com.xdf.pscommon.log4j2.interfaces.SealInfoLogger TID:  - {methodName=sealInfo, className=com.xdf.pscommon.log4j2.core.SimpleLogger, time=2023-08-28 15:23:36, appendLog=无从库数据走主库：masterDataSource, type=seal_info}
2023-08-28 15:23:36.689 INFO  main com.xdf.pscommon.log4j2.interfaces.SealInfoLogger TID:  - {methodName=sealInfo, className=com.xdf.pscommon.log4j2.core.SimpleLogger, time=2023-08-28 15:23:36, appendLog=数据源：normal, type=seal_info}
2023-08-28 15:23:36.690 INFO  main com.xdf.pscommon.log4j2.interfaces.SealInfoLogger TID:  - {methodName=sealInfo, className=com.xdf.pscommon.log4j2.core.SimpleLogger, time=2023-08-28 15:23:36, appendLog=无从库数据走主库：masterDataSource, type=seal_info}
2023-08-28 15:23:39.674 INFO  main com.xdf.pscommon.log4j2.interfaces.SealInfoLogger TID:  - {methodName=sealInfo, className=com.xdf.pscommon.log4j2.core.SimpleLogger, time=2023-08-28 15:23:39, appendLog=数据源：normal, type=seal_info}
2023-08-28 15:23:39.675 INFO  main com.xdf.pscommon.log4j2.interfaces.SealInfoLogger TID:  - {methodName=sealInfo, className=com.xdf.pscommon.log4j2.core.SimpleLogger, time=2023-08-28 15:23:39, appendLog=无从库数据走主库：masterDataSource, type=seal_info}
2023-08-28 15:23:39.679 INFO  main com.xdf.pscommon.log4j2.interfaces.SealInfoLogger TID:  - {methodName=sealInfo, className=com.xdf.pscommon.log4j2.core.SimpleLogger, time=2023-08-28 15:23:39, appendLog=数据源：normal, type=seal_info}
2023-08-28 15:23:39.679 INFO  main com.xdf.pscommon.log4j2.interfaces.SealInfoLogger TID:  - {methodName=sealInfo, className=com.xdf.pscommon.log4j2.core.SimpleLogger, time=2023-08-28 15:23:39, appendLog=无从库数据走主库：masterDataSource, type=seal_info}
2023-08-28 15:23:41.213 INFO  XNIO-1 task-1 TID:  com.xdf.pscommon.log4j2.interfaces.SealInfoLogger - {methodName=sealInfo, className=com.xdf.pscommon.log4j2.core.SimpleLogger, time=2023-08-28 15:23:41, appendLog=数据源：normal, type=seal_info}
2023-08-28 15:23:41.214 INFO  XNIO-1 task-1 TID:  com.xdf.pscommon.log4j2.interfaces.SealInfoLogger - {methodName=sealInfo, className=com.xdf.pscommon.log4j2.core.SimpleLogger, time=2023-08-28 15:23:41, appendLog=无从库数据走主库：masterDataSource, type=seal_info}
